[freemagazineszone.online/dice5/index.html]
[backblue.gif]
[fade.gif]
[index.html]
[maxcdn.bootstrapcdn.com/bootstrap/3.3.6/css/bootstrap.min.css]
[kit.fontawesome.com/04fd5ece3f.js]
[maxcdn.bootstrapcdn.com/font-awesome/4.7.0/css/font-awesome.min.css]
[freemagazineszone.online/dice5/css/magnific-popup.css]
[freemagazineszone.online/dice5/css/style.css]
[freemagazineszone.online/dice5/img/video.mp4]
[freemagazineszone.online/dice5/img/logo.png]
[freemagazineszone.online/dice5/img/menu.png]
[freemagazineszone.online/dice5/img/11.png]
[freemagazineszone.online/dice5/img/22.png]
[freemagazineszone.online/dice5/img/33.png]
[freemagazineszone.online/dice5/img/1.png]
[freemagazineszone.online/dice5/img/2.png]
[freemagazineszone.online/dice5/img/3.png]
[freemagazineszone.online/dice5/img/4.png]
[freemagazineszone.online/dice5/img/locker-img.PNG]
[freemagazineszone.online/dice5/js/jquery.magnific-popup.min.js]
[maxcdn.bootstrapcdn.com/bootstrap/3.3.6/js/bootstrap.min.js]
[cdn.jsdelivr.net/npm/js-cookie@2.2.0/src/js.cookie.min.js]
[code.jquery.com/jquery.js]
[freemagazineszone.online/dice5/js/main.js]
[freemagazineszone.online/dice5/index.html]
[maxcdn.bootstrapcdn.com/bootstrap/3.3.6/css/bootstrap.min.css]
[maxcdn.bootstrapcdn.com/font-awesome/4.7.0/css/font-awesome.min.css]
[freemagazineszone.online/dice5/css/magnific-popup.css]
[freemagazineszone.online/dice5/img/bg.png]
[freemagazineszone.online/dice5/img/rev-bg.17.delayed]
[freemagazineszone.online/dice5/css/style.css]
[freemagazineszone.online/dice5/img/video.mp4]
[freemagazineszone.online/dice5/img/44.png]
[freemagazineszone.online/dice5/img/locker-img.html]
[freemagazineszone.online/dice5/img/rev-bg.html]
